# Tokenizer Errors - Lexical analysis failures
# Generated on 2025-05-25 20:37:05 +0000
# This file contains expected error messages for regression testing

=== Test Case: unterminated_string ===
Input:
writeLine("Hello world
Expected Error:
UnknownError: Unterminated string literal at line 1, column 11

