# Tokenizer Errors - Lexical analysis failures
# Generated on 2025-05-30 13:00:18 +0000
# This file contains expected error messages for regression testing

=== Test Case: unterminated_string ===
Input:
writeLine("Hello world
Expected Error:
UnknownParseError: Unterminated string literal at line 1, column 11

